goos: linux
goarch: amd64
pkg: uk.ac.bris.cs/gameoflife/tests
cpu: 11th Gen Intel(R) Core(TM) i7-1165G7 @ 2.80GHz
BenchmarkGol/Gol/16x16x1-1-8-8         	       1	 181277619 ns/op
BenchmarkGol/Gol/16x16x1-1-8-8         	       1	 176593084 ns/op
BenchmarkGol/Gol/16x16x1-1-8-8         	       1	 176688231 ns/op
BenchmarkGol/Gol/16x16x1-1-8-8         	       1	 177396186 ns/op
BenchmarkGol/Gol/16x16x1-1-8-8         	       1	 177174010 ns/op
BenchmarkGol/Gol/16x16x1-1-8-8         	       1	 173392792 ns/op
BenchmarkGol/Gol/16x16x1-2-8-8         	       1	 174850726 ns/op
BenchmarkGol/Gol/16x16x1-2-8-8         	       1	 172846894 ns/op
BenchmarkGol/Gol/16x16x1-2-8-8         	       1	 176890225 ns/op
BenchmarkGol/Gol/16x16x1-2-8-8         	       1	 173493245 ns/op
BenchmarkGol/Gol/16x16x1-2-8-8         	       1	 172505211 ns/op
BenchmarkGol/Gol/16x16x1-2-8-8         	       1	 196842724 ns/op
BenchmarkGol/Gol/16x16x1-3-8-8         	       1	 171855602 ns/op
BenchmarkGol/Gol/16x16x1-3-8-8         	       1	 176876538 ns/op
BenchmarkGol/Gol/16x16x1-3-8-8         	       1	 173392838 ns/op
BenchmarkGol/Gol/16x16x1-3-8-8         	       1	 173408576 ns/op
BenchmarkGol/Gol/16x16x1-3-8-8         	       1	 172104542 ns/op
BenchmarkGol/Gol/16x16x1-3-8-8         	       1	 185129706 ns/op
BenchmarkGol/Gol/16x16x1-4-8-8         	       1	 172529735 ns/op
BenchmarkGol/Gol/16x16x1-4-8-8         	       1	 171405353 ns/op
BenchmarkGol/Gol/16x16x1-4-8-8         	       1	 173281375 ns/op
BenchmarkGol/Gol/16x16x1-4-8-8         	       1	 176677776 ns/op
BenchmarkGol/Gol/16x16x1-4-8-8         	       1	 171681531 ns/op
BenchmarkGol/Gol/16x16x1-4-8-8         	       1	 172061213 ns/op
BenchmarkGol/Gol/16x16x1-5-8-8         	       1	 173309611 ns/op
BenchmarkGol/Gol/16x16x1-5-8-8         	       1	 172261474 ns/op
BenchmarkGol/Gol/16x16x1-5-8-8         	       1	 175529217 ns/op
BenchmarkGol/Gol/16x16x1-5-8-8         	       1	 173141057 ns/op
BenchmarkGol/Gol/16x16x1-5-8-8         	       1	 172793894 ns/op
BenchmarkGol/Gol/16x16x1-5-8-8         	       1	 172444042 ns/op
BenchmarkGol/Gol/16x16x1-6-8-8         	       1	 172400324 ns/op
BenchmarkGol/Gol/16x16x1-6-8-8         	       1	 173034444 ns/op
BenchmarkGol/Gol/16x16x1-6-8-8         	       1	 173202987 ns/op
BenchmarkGol/Gol/16x16x1-6-8-8         	       1	 172627375 ns/op
BenchmarkGol/Gol/16x16x1-6-8-8         	       1	 174298713 ns/op
BenchmarkGol/Gol/16x16x1-6-8-8         	       1	 175434822 ns/op
BenchmarkGol/Gol/16x16x1-7-8-8         	       1	 172989950 ns/op
BenchmarkGol/Gol/16x16x1-7-8-8         	       1	 173605637 ns/op
BenchmarkGol/Gol/16x16x1-7-8-8         	       1	 175888121 ns/op
BenchmarkGol/Gol/16x16x1-7-8-8         	       1	 184737635 ns/op
BenchmarkGol/Gol/16x16x1-7-8-8         	       1	 172856156 ns/op
BenchmarkGol/Gol/16x16x1-7-8-8         	       1	 173519694 ns/op
BenchmarkGol/Gol/16x16x1-8-8-8         	       1	 172814305 ns/op
BenchmarkGol/Gol/16x16x1-8-8-8         	       1	 173091832 ns/op
BenchmarkGol/Gol/16x16x1-8-8-8         	       1	 215566917 ns/op
BenchmarkGol/Gol/16x16x1-8-8-8         	       1	 173418150 ns/op
BenchmarkGol/Gol/16x16x1-8-8-8         	       1	 175356271 ns/op
BenchmarkGol/Gol/16x16x1-8-8-8         	       1	 171853518 ns/op
BenchmarkGol/Gol/16x16x1-9-8-8         	       1	 176838921 ns/op
BenchmarkGol/Gol/16x16x1-9-8-8         	       1	 176210499 ns/op
BenchmarkGol/Gol/16x16x1-9-8-8         	       1	 172412170 ns/op
BenchmarkGol/Gol/16x16x1-9-8-8         	       1	 174737822 ns/op
BenchmarkGol/Gol/16x16x1-9-8-8         	       1	 175843606 ns/op
BenchmarkGol/Gol/16x16x1-9-8-8         	       1	 173566020 ns/op
BenchmarkGol/Gol/16x16x1-10-8-8        	       1	 173636364 ns/op
BenchmarkGol/Gol/16x16x1-10-8-8        	       1	 174580483 ns/op
BenchmarkGol/Gol/16x16x1-10-8-8        	       1	 174181342 ns/op
BenchmarkGol/Gol/16x16x1-10-8-8        	       1	 171977025 ns/op
BenchmarkGol/Gol/16x16x1-10-8-8        	       1	 173863851 ns/op
BenchmarkGol/Gol/16x16x1-10-8-8        	       1	 178585586 ns/op
BenchmarkGol/Gol/16x16x1-11-8-8        	       1	 177939589 ns/op
BenchmarkGol/Gol/16x16x1-11-8-8        	       1	 175986678 ns/op
BenchmarkGol/Gol/16x16x1-11-8-8        	       1	 176627045 ns/op
BenchmarkGol/Gol/16x16x1-11-8-8        	       1	 172835804 ns/op
BenchmarkGol/Gol/16x16x1-11-8-8        	       1	 171751757 ns/op
BenchmarkGol/Gol/16x16x1-11-8-8        	       1	 173345542 ns/op
BenchmarkGol/Gol/16x16x1-12-8-8        	       1	 175999776 ns/op
BenchmarkGol/Gol/16x16x1-12-8-8        	       1	 172994612 ns/op
BenchmarkGol/Gol/16x16x1-12-8-8        	       1	 172480469 ns/op
BenchmarkGol/Gol/16x16x1-12-8-8        	       1	 208963026 ns/op
BenchmarkGol/Gol/16x16x1-12-8-8        	       1	 174303717 ns/op
BenchmarkGol/Gol/16x16x1-12-8-8        	       1	 173596056 ns/op
BenchmarkGol/Gol/16x16x1-13-8-8        	       1	 173219679 ns/op
BenchmarkGol/Gol/16x16x1-13-8-8        	       1	 178883321 ns/op
BenchmarkGol/Gol/16x16x1-13-8-8        	       1	 176019906 ns/op
BenchmarkGol/Gol/16x16x1-13-8-8        	       1	 173814067 ns/op
BenchmarkGol/Gol/16x16x1-13-8-8        	       1	 172932597 ns/op
BenchmarkGol/Gol/16x16x1-13-8-8        	       1	 173410567 ns/op
BenchmarkGol/Gol/16x16x1-14-8-8        	       1	 174232184 ns/op
BenchmarkGol/Gol/16x16x1-14-8-8        	       1	 185343149 ns/op
BenchmarkGol/Gol/16x16x1-14-8-8        	       1	 173896209 ns/op
BenchmarkGol/Gol/16x16x1-14-8-8        	       1	 172729261 ns/op
BenchmarkGol/Gol/16x16x1-14-8-8        	       1	 171251551 ns/op
BenchmarkGol/Gol/16x16x1-14-8-8        	       1	 172467217 ns/op
BenchmarkGol/Gol/16x16x1-15-8-8        	       1	1184837495 ns/op
BenchmarkGol/Gol/16x16x1-15-8-8        	       1	 172860532 ns/op
BenchmarkGol/Gol/16x16x1-15-8-8        	       1	 171230314 ns/op
BenchmarkGol/Gol/16x16x1-15-8-8        	       1	 172560032 ns/op
BenchmarkGol/Gol/16x16x1-15-8-8        	       1	 178781304 ns/op
BenchmarkGol/Gol/16x16x1-15-8-8        	       1	 176833482 ns/op
BenchmarkGol/Gol/16x16x1-16-8-8        	       1	 185020226 ns/op
BenchmarkGol/Gol/16x16x1-16-8-8        	       1	 174430395 ns/op
BenchmarkGol/Gol/16x16x1-16-8-8        	       1	 172253296 ns/op
BenchmarkGol/Gol/16x16x1-16-8-8        	       1	 173257942 ns/op
BenchmarkGol/Gol/16x16x1-16-8-8        	       1	 188485839 ns/op
BenchmarkGol/Gol/16x16x1-16-8-8        	       1	 180869004 ns/op
BenchmarkGol/Gol/16x16x50-1-8-8        	       1	 198259708 ns/op
BenchmarkGol/Gol/16x16x50-1-8-8        	       1	 199182722 ns/op
BenchmarkGol/Gol/16x16x50-1-8-8        	       1	 215574290 ns/op
BenchmarkGol/Gol/16x16x50-1-8-8        	       1	 197664887 ns/op
BenchmarkGol/Gol/16x16x50-1-8-8        	       1	 197493357 ns/op
BenchmarkGol/Gol/16x16x50-1-8-8        	       1	 198464584 ns/op
BenchmarkGol/Gol/16x16x50-2-8-8        	       1	 208922351 ns/op
BenchmarkGol/Gol/16x16x50-2-8-8        	       1	 201999832 ns/op
BenchmarkGol/Gol/16x16x50-2-8-8        	       1	 201096652 ns/op
BenchmarkGol/Gol/16x16x50-2-8-8        	       1	 195559060 ns/op
BenchmarkGol/Gol/16x16x50-2-8-8        	       1	 198010870 ns/op
BenchmarkGol/Gol/16x16x50-2-8-8        	       1	 200684182 ns/op
BenchmarkGol/Gol/16x16x50-3-8-8        	       1	 199564201 ns/op
BenchmarkGol/Gol/16x16x50-3-8-8        	       1	 199397557 ns/op
BenchmarkGol/Gol/16x16x50-3-8-8        	       1	 197586525 ns/op
BenchmarkGol/Gol/16x16x50-3-8-8        	       1	 196947743 ns/op
BenchmarkGol/Gol/16x16x50-3-8-8        	       1	 204034072 ns/op
BenchmarkGol/Gol/16x16x50-3-8-8        	       1	 199199185 ns/op
BenchmarkGol/Gol/16x16x50-4-8-8        	       1	 199256872 ns/op
BenchmarkGol/Gol/16x16x50-4-8-8        	       1	 203307810 ns/op
BenchmarkGol/Gol/16x16x50-4-8-8        	       1	 201580338 ns/op
BenchmarkGol/Gol/16x16x50-4-8-8        	       1	 198714197 ns/op
BenchmarkGol/Gol/16x16x50-4-8-8        	       1	 199381301 ns/op
BenchmarkGol/Gol/16x16x50-4-8-8        	       1	 199019308 ns/op
BenchmarkGol/Gol/16x16x50-5-8-8        	       1	 199508590 ns/op
BenchmarkGol/Gol/16x16x50-5-8-8        	       1	 199377574 ns/op
BenchmarkGol/Gol/16x16x50-5-8-8        	       1	 199751887 ns/op
BenchmarkGol/Gol/16x16x50-5-8-8        	       1	 201540891 ns/op
BenchmarkGol/Gol/16x16x50-5-8-8        	       1	 210593204 ns/op
BenchmarkGol/Gol/16x16x50-5-8-8        	       1	 204800949 ns/op
BenchmarkGol/Gol/16x16x50-6-8-8        	       1	 199850525 ns/op
BenchmarkGol/Gol/16x16x50-6-8-8        	       1	 202169419 ns/op
BenchmarkGol/Gol/16x16x50-6-8-8        	       1	 201711557 ns/op
BenchmarkGol/Gol/16x16x50-6-8-8        	       1	 203760112 ns/op
BenchmarkGol/Gol/16x16x50-6-8-8        	       1	 201043797 ns/op
BenchmarkGol/Gol/16x16x50-6-8-8        	       1	 203250364 ns/op
BenchmarkGol/Gol/16x16x50-7-8-8        	       1	 202631189 ns/op
BenchmarkGol/Gol/16x16x50-7-8-8        	       1	 225127674 ns/op
BenchmarkGol/Gol/16x16x50-7-8-8        	       1	 212944553 ns/op
BenchmarkGol/Gol/16x16x50-7-8-8        	       1	 197639405 ns/op
BenchmarkGol/Gol/16x16x50-7-8-8        	       1	 197447180 ns/op
BenchmarkGol/Gol/16x16x50-7-8-8        	       1	 269534380 ns/op
BenchmarkGol/Gol/16x16x50-8-8-8        	       1	 200898032 ns/op
BenchmarkGol/Gol/16x16x50-8-8-8        	       1	 199499419 ns/op
BenchmarkGol/Gol/16x16x50-8-8-8        	       1	 198336657 ns/op
BenchmarkGol/Gol/16x16x50-8-8-8        	       1	 234878744 ns/op
BenchmarkGol/Gol/16x16x50-8-8-8        	       1	 216601674 ns/op
BenchmarkGol/Gol/16x16x50-8-8-8        	       1	 257535260 ns/op
BenchmarkGol/Gol/16x16x50-9-8-8        	       1	 197526316 ns/op
BenchmarkGol/Gol/16x16x50-9-8-8        	       1	 221756741 ns/op
BenchmarkGol/Gol/16x16x50-9-8-8        	       1	 209071867 ns/op
BenchmarkGol/Gol/16x16x50-9-8-8        	       1	 196601658 ns/op
BenchmarkGol/Gol/16x16x50-9-8-8        	       1	 203348713 ns/op
BenchmarkGol/Gol/16x16x50-9-8-8        	       1	 199122586 ns/op
BenchmarkGol/Gol/16x16x50-10-8-8       	       1	 200591689 ns/op
BenchmarkGol/Gol/16x16x50-10-8-8       	       1	 208798578 ns/op
BenchmarkGol/Gol/16x16x50-10-8-8       	       1	 199127173 ns/op
BenchmarkGol/Gol/16x16x50-10-8-8       	       1	 201166983 ns/op
BenchmarkGol/Gol/16x16x50-10-8-8       	       1	 199216139 ns/op
BenchmarkGol/Gol/16x16x50-10-8-8       	       1	 209662248 ns/op
BenchmarkGol/Gol/16x16x50-11-8-8       	       1	 211422776 ns/op
BenchmarkGol/Gol/16x16x50-11-8-8       	       1	 201773363 ns/op
BenchmarkGol/Gol/16x16x50-11-8-8       	       1	 199914461 ns/op
BenchmarkGol/Gol/16x16x50-11-8-8       	       1	 201684500 ns/op
BenchmarkGol/Gol/16x16x50-11-8-8       	       1	 199152891 ns/op
BenchmarkGol/Gol/16x16x50-11-8-8       	       1	 199561568 ns/op
BenchmarkGol/Gol/16x16x50-12-8-8       	       1	 200811381 ns/op
BenchmarkGol/Gol/16x16x50-12-8-8       	       1	 199537021 ns/op
BenchmarkGol/Gol/16x16x50-12-8-8       	       1	 200967394 ns/op
BenchmarkGol/Gol/16x16x50-12-8-8       	       1	 199361394 ns/op
BenchmarkGol/Gol/16x16x50-12-8-8       	       1	 200185935 ns/op
BenchmarkGol/Gol/16x16x50-12-8-8       	       1	 204264660 ns/op
BenchmarkGol/Gol/16x16x50-13-8-8       	       1	 204333836 ns/op
BenchmarkGol/Gol/16x16x50-13-8-8       	       1	 201016256 ns/op
BenchmarkGol/Gol/16x16x50-13-8-8       	       1	 201091505 ns/op
BenchmarkGol/Gol/16x16x50-13-8-8       	       1	 199073852 ns/op
BenchmarkGol/Gol/16x16x50-13-8-8       	       1	 200328337 ns/op
BenchmarkGol/Gol/16x16x50-13-8-8       	       1	 200190071 ns/op
BenchmarkGol/Gol/16x16x50-14-8-8       	       1	 200119904 ns/op
BenchmarkGol/Gol/16x16x50-14-8-8       	       1	 199285522 ns/op
BenchmarkGol/Gol/16x16x50-14-8-8       	       1	 199601995 ns/op
BenchmarkGol/Gol/16x16x50-14-8-8       	       1	 209558273 ns/op
BenchmarkGol/Gol/16x16x50-14-8-8       	       1	 202784628 ns/op
BenchmarkGol/Gol/16x16x50-14-8-8       	       1	 202050538 ns/op
BenchmarkGol/Gol/16x16x50-15-8-8       	       1	 200538539 ns/op
BenchmarkGol/Gol/16x16x50-15-8-8       	       1	 199200304 ns/op
BenchmarkGol/Gol/16x16x50-15-8-8       	       1	 198547356 ns/op
BenchmarkGol/Gol/16x16x50-15-8-8       	       1	 200504089 ns/op
BenchmarkGol/Gol/16x16x50-15-8-8       	       1	1221824897 ns/op
BenchmarkGol/Gol/16x16x50-15-8-8       	       1	 200784311 ns/op
BenchmarkGol/Gol/16x16x50-16-8-8       	       1	 211196769 ns/op
BenchmarkGol/Gol/16x16x50-16-8-8       	       1	 205664764 ns/op
BenchmarkGol/Gol/16x16x50-16-8-8       	       1	 199478397 ns/op
BenchmarkGol/Gol/16x16x50-16-8-8       	       1	 199906605 ns/op
BenchmarkGol/Gol/16x16x50-16-8-8       	       1	 202377699 ns/op
BenchmarkGol/Gol/16x16x50-16-8-8       	       1	 200379157 ns/op
BenchmarkGol/Gol/16x16x100-1-8-8       	       1	 233178143 ns/op
BenchmarkGol/Gol/16x16x100-1-8-8       	       1	 231506441 ns/op
BenchmarkGol/Gol/16x16x100-1-8-8       	       1	 228530431 ns/op
BenchmarkGol/Gol/16x16x100-1-8-8       	       1	 228193716 ns/op
BenchmarkGol/Gol/16x16x100-1-8-8       	       1	 227863849 ns/op
BenchmarkGol/Gol/16x16x100-1-8-8       	       1	 230564291 ns/op
BenchmarkGol/Gol/16x16x100-2-8-8       	       1	 242361589 ns/op
BenchmarkGol/Gol/16x16x100-2-8-8       	       1	 228512324 ns/op
BenchmarkGol/Gol/16x16x100-2-8-8       	       1	 234751490 ns/op
BenchmarkGol/Gol/16x16x100-2-8-8       	       1	 233253067 ns/op
BenchmarkGol/Gol/16x16x100-2-8-8       	       1	 230128456 ns/op
BenchmarkGol/Gol/16x16x100-2-8-8       	       1	 230286851 ns/op
BenchmarkGol/Gol/16x16x100-3-8-8       	       1	 230370398 ns/op
BenchmarkGol/Gol/16x16x100-3-8-8       	       1	 227568081 ns/op
BenchmarkGol/Gol/16x16x100-3-8-8       	       1	 228849114 ns/op
BenchmarkGol/Gol/16x16x100-3-8-8       	       1	 230392138 ns/op
BenchmarkGol/Gol/16x16x100-3-8-8       	       1	 232936967 ns/op
BenchmarkGol/Gol/16x16x100-3-8-8       	       1	 234002693 ns/op
BenchmarkGol/Gol/16x16x100-4-8-8       	       1	 242737551 ns/op
BenchmarkGol/Gol/16x16x100-4-8-8       	       1	 238254688 ns/op
BenchmarkGol/Gol/16x16x100-4-8-8       	       1	 235154436 ns/op
BenchmarkGol/Gol/16x16x100-4-8-8       	       1	 250472707 ns/op
BenchmarkGol/Gol/16x16x100-4-8-8       	       1	 236774945 ns/op
BenchmarkGol/Gol/16x16x100-4-8-8       	       1	 239210921 ns/op
BenchmarkGol/Gol/16x16x100-5-8-8       	       1	 248796996 ns/op
BenchmarkGol/Gol/16x16x100-5-8-8       	       1	 238042092 ns/op
BenchmarkGol/Gol/16x16x100-5-8-8       	       1	 231123946 ns/op
BenchmarkGol/Gol/16x16x100-5-8-8       	       1	 232818092 ns/op
BenchmarkGol/Gol/16x16x100-5-8-8       	       1	 237878989 ns/op
BenchmarkGol/Gol/16x16x100-5-8-8       	       1	 238602649 ns/op
BenchmarkGol/Gol/16x16x100-6-8-8       	       1	 246593658 ns/op
BenchmarkGol/Gol/16x16x100-6-8-8       	       1	 240563169 ns/op
BenchmarkGol/Gol/16x16x100-6-8-8       	       1	 229574358 ns/op
BenchmarkGol/Gol/16x16x100-6-8-8       	       1	 243381617 ns/op
BenchmarkGol/Gol/16x16x100-6-8-8       	       1	 249063787 ns/op
BenchmarkGol/Gol/16x16x100-6-8-8       	       1	 228999697 ns/op
BenchmarkGol/Gol/16x16x100-7-8-8       	       1	 227687825 ns/op
BenchmarkGol/Gol/16x16x100-7-8-8       	       1	 222716128 ns/op
BenchmarkGol/Gol/16x16x100-7-8-8       	       1	 222329602 ns/op
BenchmarkGol/Gol/16x16x100-7-8-8       	       1	 233349594 ns/op
BenchmarkGol/Gol/16x16x100-7-8-8       	       1	 240088666 ns/op
BenchmarkGol/Gol/16x16x100-7-8-8       	       1	 222465928 ns/op
BenchmarkGol/Gol/16x16x100-8-8-8       	       1	 230620070 ns/op
BenchmarkGol/Gol/16x16x100-8-8-8       	       1	 231573597 ns/op
BenchmarkGol/Gol/16x16x100-8-8-8       	       1	 237896062 ns/op
BenchmarkGol/Gol/16x16x100-8-8-8       	       1	 227184860 ns/op
BenchmarkGol/Gol/16x16x100-8-8-8       	       1	 228963226 ns/op
BenchmarkGol/Gol/16x16x100-8-8-8       	       1	 221684373 ns/op
BenchmarkGol/Gol/16x16x100-9-8-8       	       1	 227690947 ns/op
BenchmarkGol/Gol/16x16x100-9-8-8       	       1	 224357292 ns/op
BenchmarkGol/Gol/16x16x100-9-8-8       	       1	 232136380 ns/op
BenchmarkGol/Gol/16x16x100-9-8-8       	       1	 226007710 ns/op
BenchmarkGol/Gol/16x16x100-9-8-8       	       1	 223742083 ns/op
BenchmarkGol/Gol/16x16x100-9-8-8       	       1	 221807201 ns/op
BenchmarkGol/Gol/16x16x100-10-8-8      	       1	 225483356 ns/op
BenchmarkGol/Gol/16x16x100-10-8-8      	       1	 224720886 ns/op
BenchmarkGol/Gol/16x16x100-10-8-8      	       1	 228748951 ns/op
BenchmarkGol/Gol/16x16x100-10-8-8      	       1	 230261320 ns/op
BenchmarkGol/Gol/16x16x100-10-8-8      	       1	 229123431 ns/op
BenchmarkGol/Gol/16x16x100-10-8-8      	       1	 227266146 ns/op
BenchmarkGol/Gol/16x16x100-11-8-8      	       1	 228466545 ns/op
BenchmarkGol/Gol/16x16x100-11-8-8      	       1	 235389193 ns/op
BenchmarkGol/Gol/16x16x100-11-8-8      	       1	 229009207 ns/op
BenchmarkGol/Gol/16x16x100-11-8-8      	       1	 240187708 ns/op
BenchmarkGol/Gol/16x16x100-11-8-8      	       1	 231815121 ns/op
BenchmarkGol/Gol/16x16x100-11-8-8      	       1	 225814692 ns/op
BenchmarkGol/Gol/16x16x100-12-8-8      	       1	 227693303 ns/op
BenchmarkGol/Gol/16x16x100-12-8-8      	       1	 236479028 ns/op
BenchmarkGol/Gol/16x16x100-12-8-8      	       1	 242746727 ns/op
BenchmarkGol/Gol/16x16x100-12-8-8      	       1	 237034734 ns/op
BenchmarkGol/Gol/16x16x100-12-8-8      	       1	 228981917 ns/op
BenchmarkGol/Gol/16x16x100-12-8-8      	       1	 231443574 ns/op
BenchmarkGol/Gol/16x16x100-13-8-8      	       1	 228799536 ns/op
BenchmarkGol/Gol/16x16x100-13-8-8      	       1	 226804888 ns/op
BenchmarkGol/Gol/16x16x100-13-8-8      	       1	 229760236 ns/op
BenchmarkGol/Gol/16x16x100-13-8-8      	       1	 231791932 ns/op
BenchmarkGol/Gol/16x16x100-13-8-8      	       1	 237004540 ns/op
BenchmarkGol/Gol/16x16x100-13-8-8      	       1	 238797528 ns/op
BenchmarkGol/Gol/16x16x100-14-8-8      	       1	 231968508 ns/op
BenchmarkGol/Gol/16x16x100-14-8-8      	       1	 229419463 ns/op
BenchmarkGol/Gol/16x16x100-14-8-8      	       1	 230840719 ns/op
BenchmarkGol/Gol/16x16x100-14-8-8      	       1	 227374552 ns/op
BenchmarkGol/Gol/16x16x100-14-8-8      	       1	 230219388 ns/op
BenchmarkGol/Gol/16x16x100-14-8-8      	       1	 229527510 ns/op
BenchmarkGol/Gol/16x16x100-15-8-8      	       1	 235647628 ns/op
BenchmarkGol/Gol/16x16x100-15-8-8      	       1	 246003015 ns/op
BenchmarkGol/Gol/16x16x100-15-8-8      	       1	 230945919 ns/op
BenchmarkGol/Gol/16x16x100-15-8-8      	       1	 228094570 ns/op
BenchmarkGol/Gol/16x16x100-15-8-8      	       1	 237516243 ns/op
BenchmarkGol/Gol/16x16x100-15-8-8      	       1	 253503768 ns/op
BenchmarkGol/Gol/16x16x100-16-8-8      	       1	 245521268 ns/op
BenchmarkGol/Gol/16x16x100-16-8-8      	       1	 262426906 ns/op
BenchmarkGol/Gol/16x16x100-16-8-8      	       1	 232834852 ns/op
BenchmarkGol/Gol/16x16x100-16-8-8      	       1	1242709353 ns/op
BenchmarkGol/Gol/16x16x100-16-8-8      	       1	 228141126 ns/op
BenchmarkGol/Gol/16x16x100-16-8-8      	       1	 230333682 ns/op
BenchmarkGol/Gol/64x64x1-1-8-8         	       1	 182725133 ns/op
BenchmarkGol/Gol/64x64x1-1-8-8         	       1	 178958270 ns/op
BenchmarkGol/Gol/64x64x1-1-8-8         	       1	 179321156 ns/op
BenchmarkGol/Gol/64x64x1-1-8-8         	       1	 180515712 ns/op
BenchmarkGol/Gol/64x64x1-1-8-8         	       1	 182938265 ns/op
BenchmarkGol/Gol/64x64x1-1-8-8         	       1	 182898172 ns/op
BenchmarkGol/Gol/64x64x1-2-8-8         	       1	 180635637 ns/op
BenchmarkGol/Gol/64x64x1-2-8-8         	       1	 183893484 ns/op
BenchmarkGol/Gol/64x64x1-2-8-8         	       1	 179588274 ns/op
BenchmarkGol/Gol/64x64x1-2-8-8         	       1	 179686306 ns/op
BenchmarkGol/Gol/64x64x1-2-8-8         	       1	 179199015 ns/op
BenchmarkGol/Gol/64x64x1-2-8-8         	       1	 182094928 ns/op
BenchmarkGol/Gol/64x64x1-3-8-8         	       1	 192152028 ns/op
BenchmarkGol/Gol/64x64x1-3-8-8         	       1	 192115090 ns/op
BenchmarkGol/Gol/64x64x1-3-8-8         	       1	 178853903 ns/op
BenchmarkGol/Gol/64x64x1-3-8-8         	       1	 179611486 ns/op
BenchmarkGol/Gol/64x64x1-3-8-8         	       1	 181782022 ns/op
BenchmarkGol/Gol/64x64x1-3-8-8         	       1	 182542612 ns/op
BenchmarkGol/Gol/64x64x1-4-8-8         	       1	 181198912 ns/op
BenchmarkGol/Gol/64x64x1-4-8-8         	       1	 186148529 ns/op
BenchmarkGol/Gol/64x64x1-4-8-8         	       1	 188114969 ns/op
BenchmarkGol/Gol/64x64x1-4-8-8         	       1	 188421042 ns/op
BenchmarkGol/Gol/64x64x1-4-8-8         	       1	 180259217 ns/op
BenchmarkGol/Gol/64x64x1-4-8-8         	       1	 184887109 ns/op
BenchmarkGol/Gol/64x64x1-5-8-8         	       1	 179626342 ns/op
BenchmarkGol/Gol/64x64x1-5-8-8         	       1	 195169417 ns/op
BenchmarkGol/Gol/64x64x1-5-8-8         	       1	 180789687 ns/op
BenchmarkGol/Gol/64x64x1-5-8-8         	       1	 185806664 ns/op
BenchmarkGol/Gol/64x64x1-5-8-8         	       1	 179736089 ns/op
BenchmarkGol/Gol/64x64x1-5-8-8         	       1	 179535598 ns/op
BenchmarkGol/Gol/64x64x1-6-8-8         	       1	 184542674 ns/op
BenchmarkGol/Gol/64x64x1-6-8-8         	       1	 180608508 ns/op
BenchmarkGol/Gol/64x64x1-6-8-8         	       1	 183050298 ns/op
BenchmarkGol/Gol/64x64x1-6-8-8         	       1	 234812491 ns/op
BenchmarkGol/Gol/64x64x1-6-8-8         	       1	 196037000 ns/op
BenchmarkGol/Gol/64x64x1-6-8-8         	       1	 182447310 ns/op
BenchmarkGol/Gol/64x64x1-7-8-8         	       1	 183298367 ns/op
BenchmarkGol/Gol/64x64x1-7-8-8         	       1	 185061872 ns/op
BenchmarkGol/Gol/64x64x1-7-8-8         	       1	 211816227 ns/op
BenchmarkGol/Gol/64x64x1-7-8-8         	       1	 202417610 ns/op
BenchmarkGol/Gol/64x64x1-7-8-8         	       1	 183764319 ns/op
BenchmarkGol/Gol/64x64x1-7-8-8         	       1	 198439004 ns/op
BenchmarkGol/Gol/64x64x1-8-8-8         	       1	 182947946 ns/op
BenchmarkGol/Gol/64x64x1-8-8-8         	       1	 180100456 ns/op
BenchmarkGol/Gol/64x64x1-8-8-8         	       1	 184578684 ns/op
BenchmarkGol/Gol/64x64x1-8-8-8         	       1	 270641400 ns/op
BenchmarkGol/Gol/64x64x1-8-8-8         	       1	 185647202 ns/op
BenchmarkGol/Gol/64x64x1-8-8-8         	       1	 183460639 ns/op
BenchmarkGol/Gol/64x64x1-9-8-8         	       1	 184258443 ns/op
BenchmarkGol/Gol/64x64x1-9-8-8         	       1	 181494894 ns/op
BenchmarkGol/Gol/64x64x1-9-8-8         	       1	 185401525 ns/op
BenchmarkGol/Gol/64x64x1-9-8-8         	       1	 184138193 ns/op
BenchmarkGol/Gol/64x64x1-9-8-8         	       1	 191118174 ns/op
BenchmarkGol/Gol/64x64x1-9-8-8         	       1	 200274341 ns/op
BenchmarkGol/Gol/64x64x1-10-8-8        	       1	 188907021 ns/op
BenchmarkGol/Gol/64x64x1-10-8-8        	       1	 194180734 ns/op
BenchmarkGol/Gol/64x64x1-10-8-8        	       1	 185726119 ns/op
BenchmarkGol/Gol/64x64x1-10-8-8        	       1	 189238329 ns/op
BenchmarkGol/Gol/64x64x1-10-8-8        	       1	 180609092 ns/op
BenchmarkGol/Gol/64x64x1-10-8-8        	       1	 183425196 ns/op
BenchmarkGol/Gol/64x64x1-11-8-8        	       1	 183857593 ns/op
BenchmarkGol/Gol/64x64x1-11-8-8        	       1	 181871848 ns/op
BenchmarkGol/Gol/64x64x1-11-8-8        	       1	 181960775 ns/op
BenchmarkGol/Gol/64x64x1-11-8-8        	       1	 182862838 ns/op
BenchmarkGol/Gol/64x64x1-11-8-8        	       1	 181154962 ns/op
BenchmarkGol/Gol/64x64x1-11-8-8        	       1	 182557729 ns/op
BenchmarkGol/Gol/64x64x1-12-8-8        	       1	 193091770 ns/op
BenchmarkGol/Gol/64x64x1-12-8-8        	       1	 190272832 ns/op
BenchmarkGol/Gol/64x64x1-12-8-8        	       1	 183370215 ns/op
BenchmarkGol/Gol/64x64x1-12-8-8        	       1	 182234768 ns/op
BenchmarkGol/Gol/64x64x1-12-8-8        	       1	 182285121 ns/op
BenchmarkGol/Gol/64x64x1-12-8-8        	       1	 185098460 ns/op
BenchmarkGol/Gol/64x64x1-13-8-8        	       1	 182412091 ns/op
BenchmarkGol/Gol/64x64x1-13-8-8        	       1	 185661179 ns/op
BenchmarkGol/Gol/64x64x1-13-8-8        	       1	 182907075 ns/op
BenchmarkGol/Gol/64x64x1-13-8-8        	       1	 183467829 ns/op
BenchmarkGol/Gol/64x64x1-13-8-8        	       1	 194015424 ns/op
BenchmarkGol/Gol/64x64x1-13-8-8        	       1	 179504276 ns/op
BenchmarkGol/Gol/64x64x1-14-8-8        	       1	 181774787 ns/op
BenchmarkGol/Gol/64x64x1-14-8-8        	       1	 179992695 ns/op
BenchmarkGol/Gol/64x64x1-14-8-8        	       1	 182033013 ns/op
BenchmarkGol/Gol/64x64x1-14-8-8        	       1	 179404696 ns/op
BenchmarkGol/Gol/64x64x1-14-8-8        	       1	 179795522 ns/op
BenchmarkGol/Gol/64x64x1-14-8-8        	       1	 184867143 ns/op
BenchmarkGol/Gol/64x64x1-15-8-8        	       1	 180682193 ns/op
BenchmarkGol/Gol/64x64x1-15-8-8        	       1	 178616007 ns/op
BenchmarkGol/Gol/64x64x1-15-8-8        	       1	 181244315 ns/op
BenchmarkGol/Gol/64x64x1-15-8-8        	       1	 177401945 ns/op
BenchmarkGol/Gol/64x64x1-15-8-8        	       1	 178887370 ns/op
BenchmarkGol/Gol/64x64x1-15-8-8        	       1	 182236668 ns/op
BenchmarkGol/Gol/64x64x1-16-8-8        	       1	 177302614 ns/op
BenchmarkGol/Gol/64x64x1-16-8-8        	       1	 179689053 ns/op
BenchmarkGol/Gol/64x64x1-16-8-8        	       1	 178496222 ns/op
BenchmarkGol/Gol/64x64x1-16-8-8        	       1	 182799025 ns/op
BenchmarkGol/Gol/64x64x1-16-8-8        	       1	 197098491 ns/op
BenchmarkGol/Gol/64x64x1-16-8-8        	       1	 179359440 ns/op
BenchmarkGol/Gol/64x64x50-1-8-8        	       1	 215286133 ns/op
BenchmarkGol/Gol/64x64x50-1-8-8        	       1	 217377437 ns/op
BenchmarkGol/Gol/64x64x50-1-8-8        	       1	 216176454 ns/op
BenchmarkGol/Gol/64x64x50-1-8-8        	       1	 230574705 ns/op
BenchmarkGol/Gol/64x64x50-1-8-8        	       1	 229236226 ns/op
BenchmarkGol/Gol/64x64x50-1-8-8        	       1	 229387495 ns/op
BenchmarkGol/Gol/64x64x50-2-8-8        	       1	 215213831 ns/op
BenchmarkGol/Gol/64x64x50-2-8-8        	       1	 211942120 ns/op
BenchmarkGol/Gol/64x64x50-2-8-8        	       1	 217799757 ns/op
BenchmarkGol/Gol/64x64x50-2-8-8        	       1	 215299269 ns/op
BenchmarkGol/Gol/64x64x50-2-8-8        	       1	 212528609 ns/op
BenchmarkGol/Gol/64x64x50-2-8-8        	       1	 212500348 ns/op
BenchmarkGol/Gol/64x64x50-3-8-8        	       1	1235400617 ns/op
BenchmarkGol/Gol/64x64x50-3-8-8        	       1	 214531084 ns/op
BenchmarkGol/Gol/64x64x50-3-8-8        	       1	 213159261 ns/op
BenchmarkGol/Gol/64x64x50-3-8-8        	       1	 212796102 ns/op
BenchmarkGol/Gol/64x64x50-3-8-8        	       1	 218532454 ns/op
BenchmarkGol/Gol/64x64x50-3-8-8        	       1	 212303856 ns/op
BenchmarkGol/Gol/64x64x50-4-8-8        	       1	 212998422 ns/op
BenchmarkGol/Gol/64x64x50-4-8-8        	       1	 213821779 ns/op
BenchmarkGol/Gol/64x64x50-4-8-8        	       1	 221640226 ns/op
BenchmarkGol/Gol/64x64x50-4-8-8        	       1	 215255171 ns/op
BenchmarkGol/Gol/64x64x50-4-8-8        	       1	 213244181 ns/op
BenchmarkGol/Gol/64x64x50-4-8-8        	       1	 212888805 ns/op
BenchmarkGol/Gol/64x64x50-5-8-8        	       1	 213344408 ns/op
BenchmarkGol/Gol/64x64x50-5-8-8        	       1	 220952209 ns/op
BenchmarkGol/Gol/64x64x50-5-8-8        	       1	 210276286 ns/op
BenchmarkGol/Gol/64x64x50-5-8-8        	       1	 210918689 ns/op
BenchmarkGol/Gol/64x64x50-5-8-8        	       1	 209216316 ns/op
BenchmarkGol/Gol/64x64x50-5-8-8        	       1	 212716476 ns/op
BenchmarkGol/Gol/64x64x50-6-8-8        	       1	 220416258 ns/op
BenchmarkGol/Gol/64x64x50-6-8-8        	       1	 208533622 ns/op
BenchmarkGol/Gol/64x64x50-6-8-8        	       1	 231828239 ns/op
BenchmarkGol/Gol/64x64x50-6-8-8        	       1	 210594301 ns/op
BenchmarkGol/Gol/64x64x50-6-8-8        	       1	 211419768 ns/op
BenchmarkGol/Gol/64x64x50-6-8-8        	       1	 236222369 ns/op
BenchmarkGol/Gol/64x64x50-7-8-8        	       1	 231320021 ns/op
BenchmarkGol/Gol/64x64x50-7-8-8        	       1	 229991049 ns/op
BenchmarkGol/Gol/64x64x50-7-8-8        	       1	 210087552 ns/op
BenchmarkGol/Gol/64x64x50-7-8-8        	       1	 215494719 ns/op
BenchmarkGol/Gol/64x64x50-7-8-8        	       1	 210598399 ns/op
BenchmarkGol/Gol/64x64x50-7-8-8        	       1	 209955712 ns/op
BenchmarkGol/Gol/64x64x50-8-8-8        	       1	 214555963 ns/op
BenchmarkGol/Gol/64x64x50-8-8-8        	       1	 219817017 ns/op
BenchmarkGol/Gol/64x64x50-8-8-8        	       1	 212278404 ns/op
BenchmarkGol/Gol/64x64x50-8-8-8        	       1	 211728711 ns/op
BenchmarkGol/Gol/64x64x50-8-8-8        	       1	 215638535 ns/op
BenchmarkGol/Gol/64x64x50-8-8-8        	       1	 220451476 ns/op
BenchmarkGol/Gol/64x64x50-9-8-8        	       1	 211615799 ns/op
BenchmarkGol/Gol/64x64x50-9-8-8        	       1	 209610425 ns/op
BenchmarkGol/Gol/64x64x50-9-8-8        	       1	 218368174 ns/op
BenchmarkGol/Gol/64x64x50-9-8-8        	       1	 216503946 ns/op
BenchmarkGol/Gol/64x64x50-9-8-8        	       1	 216773243 ns/op
BenchmarkGol/Gol/64x64x50-9-8-8        	       1	 214876267 ns/op
BenchmarkGol/Gol/64x64x50-10-8-8       	       1	 213025777 ns/op
BenchmarkGol/Gol/64x64x50-10-8-8       	       1	 212577531 ns/op
BenchmarkGol/Gol/64x64x50-10-8-8       	       1	 213988707 ns/op
BenchmarkGol/Gol/64x64x50-10-8-8       	       1	 212746216 ns/op
BenchmarkGol/Gol/64x64x50-10-8-8       	       1	 215917225 ns/op
BenchmarkGol/Gol/64x64x50-10-8-8       	       1	 218955933 ns/op
BenchmarkGol/Gol/64x64x50-11-8-8       	       1	 213663831 ns/op
BenchmarkGol/Gol/64x64x50-11-8-8       	       1	 220842994 ns/op
BenchmarkGol/Gol/64x64x50-11-8-8       	       1	 213885246 ns/op
BenchmarkGol/Gol/64x64x50-11-8-8       	       1	 216406668 ns/op
BenchmarkGol/Gol/64x64x50-11-8-8       	       1	 220891778 ns/op
BenchmarkGol/Gol/64x64x50-11-8-8       	       1	 215527382 ns/op
BenchmarkGol/Gol/64x64x50-12-8-8       	       1	 216029884 ns/op
BenchmarkGol/Gol/64x64x50-12-8-8       	       1	 214879126 ns/op
BenchmarkGol/Gol/64x64x50-12-8-8       	       1	 219479275 ns/op
BenchmarkGol/Gol/64x64x50-12-8-8       	       1	 215902021 ns/op
BenchmarkGol/Gol/64x64x50-12-8-8       	       1	 231371580 ns/op
BenchmarkGol/Gol/64x64x50-12-8-8       	       1	 214832747 ns/op
BenchmarkGol/Gol/64x64x50-13-8-8       	       1	 216404281 ns/op
BenchmarkGol/Gol/64x64x50-13-8-8       	       1	 221347438 ns/op
BenchmarkGol/Gol/64x64x50-13-8-8       	       1	 213577406 ns/op
BenchmarkGol/Gol/64x64x50-13-8-8       	       1	 214489609 ns/op
BenchmarkGol/Gol/64x64x50-13-8-8       	       1	 214139723 ns/op
BenchmarkGol/Gol/64x64x50-13-8-8       	       1	 220039571 ns/op
BenchmarkGol/Gol/64x64x50-14-8-8       	       1	 214374758 ns/op
BenchmarkGol/Gol/64x64x50-14-8-8       	       1	 227101875 ns/op
BenchmarkGol/Gol/64x64x50-14-8-8       	       1	 236091721 ns/op
BenchmarkGol/Gol/64x64x50-14-8-8       	       1	 229577442 ns/op
BenchmarkGol/Gol/64x64x50-14-8-8       	       1	 217959748 ns/op
BenchmarkGol/Gol/64x64x50-14-8-8       	       1	 216415914 ns/op
BenchmarkGol/Gol/64x64x50-15-8-8       	       1	 217228970 ns/op
BenchmarkGol/Gol/64x64x50-15-8-8       	       1	 215167587 ns/op
BenchmarkGol/Gol/64x64x50-15-8-8       	       1	 228799154 ns/op
BenchmarkGol/Gol/64x64x50-15-8-8       	       1	 214913795 ns/op
BenchmarkGol/Gol/64x64x50-15-8-8       	       1	 210162578 ns/op
BenchmarkGol/Gol/64x64x50-15-8-8       	       1	 213247863 ns/op
BenchmarkGol/Gol/64x64x50-16-8-8       	       1	 212989285 ns/op
BenchmarkGol/Gol/64x64x50-16-8-8       	       1	 213508140 ns/op
BenchmarkGol/Gol/64x64x50-16-8-8       	       1	 212901060 ns/op
BenchmarkGol/Gol/64x64x50-16-8-8       	       1	 222302570 ns/op
BenchmarkGol/Gol/64x64x50-16-8-8       	       1	 219783364 ns/op
BenchmarkGol/Gol/64x64x50-16-8-8       	       1	 228681036 ns/op
BenchmarkGol/Gol/64x64x100-1-8-8       	       1	 258246754 ns/op
BenchmarkGol/Gol/64x64x100-1-8-8       	       1	 251509531 ns/op
BenchmarkGol/Gol/64x64x100-1-8-8       	       1	 264278328 ns/op
BenchmarkGol/Gol/64x64x100-1-8-8       	       1	 265595510 ns/op
BenchmarkGol/Gol/64x64x100-1-8-8       	       1	 251726352 ns/op
BenchmarkGol/Gol/64x64x100-1-8-8       	       1	 269895731 ns/op
BenchmarkGol/Gol/64x64x100-2-8-8       	       1	 276998569 ns/op
BenchmarkGol/Gol/64x64x100-2-8-8       	       1	 253556878 ns/op
BenchmarkGol/Gol/64x64x100-2-8-8       	       1	 274759599 ns/op
BenchmarkGol/Gol/64x64x100-2-8-8       	       1	 271637120 ns/op
BenchmarkGol/Gol/64x64x100-2-8-8       	       1	 260447325 ns/op
BenchmarkGol/Gol/64x64x100-2-8-8       	       1	 258179085 ns/op
BenchmarkGol/Gol/64x64x100-3-8-8       	       1	 254337223 ns/op
BenchmarkGol/Gol/64x64x100-3-8-8       	       1	 251284218 ns/op
BenchmarkGol/Gol/64x64x100-3-8-8       	       1	 258596145 ns/op
BenchmarkGol/Gol/64x64x100-3-8-8       	       1	 252629958 ns/op
BenchmarkGol/Gol/64x64x100-3-8-8       	       1	 257111776 ns/op
BenchmarkGol/Gol/64x64x100-3-8-8       	       1	 252103012 ns/op
BenchmarkGol/Gol/64x64x100-4-8-8       	       1	 254315792 ns/op
BenchmarkGol/Gol/64x64x100-4-8-8       	       1	 255249671 ns/op
BenchmarkGol/Gol/64x64x100-4-8-8       	       1	 254366940 ns/op
BenchmarkGol/Gol/64x64x100-4-8-8       	       1	 246066990 ns/op
BenchmarkGol/Gol/64x64x100-4-8-8       	       1	 299835875 ns/op
BenchmarkGol/Gol/64x64x100-4-8-8       	       1	 246688399 ns/op
BenchmarkGol/Gol/64x64x100-5-8-8       	       1	 248146164 ns/op
BenchmarkGol/Gol/64x64x100-5-8-8       	       1	 250496914 ns/op
BenchmarkGol/Gol/64x64x100-5-8-8       	       1	 271079608 ns/op
BenchmarkGol/Gol/64x64x100-5-8-8       	       1	 248803953 ns/op
BenchmarkGol/Gol/64x64x100-5-8-8       	       1	1284140514 ns/op
BenchmarkGol/Gol/64x64x100-5-8-8       	       1	 248627326 ns/op
BenchmarkGol/Gol/64x64x100-6-8-8       	       1	 250634911 ns/op
BenchmarkGol/Gol/64x64x100-6-8-8       	       1	 260014924 ns/op
BenchmarkGol/Gol/64x64x100-6-8-8       	       1	 253009984 ns/op
BenchmarkGol/Gol/64x64x100-6-8-8       	       1	 247305931 ns/op
BenchmarkGol/Gol/64x64x100-6-8-8       	       1	 247088516 ns/op
BenchmarkGol/Gol/64x64x100-6-8-8       	       1	 245640769 ns/op
BenchmarkGol/Gol/64x64x100-7-8-8       	       1	 245725217 ns/op
BenchmarkGol/Gol/64x64x100-7-8-8       	       1	 252508407 ns/op
BenchmarkGol/Gol/64x64x100-7-8-8       	       1	 263482470 ns/op
BenchmarkGol/Gol/64x64x100-7-8-8       	       1	 256609014 ns/op
BenchmarkGol/Gol/64x64x100-7-8-8       	       1	 259518461 ns/op
BenchmarkGol/Gol/64x64x100-7-8-8       	       1	 264443922 ns/op
BenchmarkGol/Gol/64x64x100-8-8-8       	       1	 266328795 ns/op
BenchmarkGol/Gol/64x64x100-8-8-8       	       1	 258744579 ns/op
BenchmarkGol/Gol/64x64x100-8-8-8       	       1	 258406947 ns/op
BenchmarkGol/Gol/64x64x100-8-8-8       	       1	 256330653 ns/op
BenchmarkGol/Gol/64x64x100-8-8-8       	       1	 264304677 ns/op
BenchmarkGol/Gol/64x64x100-8-8-8       	       1	 261930009 ns/op
BenchmarkGol/Gol/64x64x100-9-8-8       	       1	 252771636 ns/op
BenchmarkGol/Gol/64x64x100-9-8-8       	       1	 245340562 ns/op
BenchmarkGol/Gol/64x64x100-9-8-8       	       1	 255469218 ns/op
BenchmarkGol/Gol/64x64x100-9-8-8       	       1	 247396995 ns/op
BenchmarkGol/Gol/64x64x100-9-8-8       	       1	 249821901 ns/op
BenchmarkGol/Gol/64x64x100-9-8-8       	       1	 254930680 ns/op
BenchmarkGol/Gol/64x64x100-10-8-8      	       1	 247091845 ns/op
BenchmarkGol/Gol/64x64x100-10-8-8      	       1	 253441347 ns/op
BenchmarkGol/Gol/64x64x100-10-8-8      	       1	 264207235 ns/op
BenchmarkGol/Gol/64x64x100-10-8-8      	       1	 264466329 ns/op
BenchmarkGol/Gol/64x64x100-10-8-8      	       1	 250735239 ns/op
BenchmarkGol/Gol/64x64x100-10-8-8      	       1	 256521037 ns/op
BenchmarkGol/Gol/64x64x100-11-8-8      	       1	 257347183 ns/op
BenchmarkGol/Gol/64x64x100-11-8-8      	       1	 249153416 ns/op
BenchmarkGol/Gol/64x64x100-11-8-8      	       1	 244229551 ns/op
BenchmarkGol/Gol/64x64x100-11-8-8      	       1	 244338463 ns/op
BenchmarkGol/Gol/64x64x100-11-8-8      	       1	 258691341 ns/op
BenchmarkGol/Gol/64x64x100-11-8-8      	       1	 252290892 ns/op
BenchmarkGol/Gol/64x64x100-12-8-8      	       1	 262098850 ns/op
BenchmarkGol/Gol/64x64x100-12-8-8      	       1	 269848002 ns/op
BenchmarkGol/Gol/64x64x100-12-8-8      	       1	 249302260 ns/op
BenchmarkGol/Gol/64x64x100-12-8-8      	       1	 247760460 ns/op
BenchmarkGol/Gol/64x64x100-12-8-8      	       1	 261357324 ns/op
BenchmarkGol/Gol/64x64x100-12-8-8      	       1	 255057553 ns/op
BenchmarkGol/Gol/64x64x100-13-8-8      	       1	 246549410 ns/op
BenchmarkGol/Gol/64x64x100-13-8-8      	       1	 252495777 ns/op
BenchmarkGol/Gol/64x64x100-13-8-8      	       1	 261491416 ns/op
BenchmarkGol/Gol/64x64x100-13-8-8      	       1	 259336169 ns/op
BenchmarkGol/Gol/64x64x100-13-8-8      	       1	 266437666 ns/op
BenchmarkGol/Gol/64x64x100-13-8-8      	       1	 258212463 ns/op
BenchmarkGol/Gol/64x64x100-14-8-8      	       1	 251819903 ns/op
BenchmarkGol/Gol/64x64x100-14-8-8      	       1	 257038223 ns/op
BenchmarkGol/Gol/64x64x100-14-8-8      	       1	 241772633 ns/op
BenchmarkGol/Gol/64x64x100-14-8-8      	       1	 242789445 ns/op
BenchmarkGol/Gol/64x64x100-14-8-8      	       1	 246429307 ns/op
BenchmarkGol/Gol/64x64x100-14-8-8      	       1	 246051300 ns/op
BenchmarkGol/Gol/64x64x100-15-8-8      	       1	 264217335 ns/op
BenchmarkGol/Gol/64x64x100-15-8-8      	       1	 262851411 ns/op
BenchmarkGol/Gol/64x64x100-15-8-8      	       1	 263413325 ns/op
BenchmarkGol/Gol/64x64x100-15-8-8      	       1	 249933567 ns/op
BenchmarkGol/Gol/64x64x100-15-8-8      	       1	 251946812 ns/op
BenchmarkGol/Gol/64x64x100-15-8-8      	       1	 252327954 ns/op
BenchmarkGol/Gol/64x64x100-16-8-8      	       1	 253772174 ns/op
BenchmarkGol/Gol/64x64x100-16-8-8      	       1	 250166741 ns/op
BenchmarkGol/Gol/64x64x100-16-8-8      	       1	 247378385 ns/op
BenchmarkGol/Gol/64x64x100-16-8-8      	       1	 256897577 ns/op
BenchmarkGol/Gol/64x64x100-16-8-8      	       1	 248072351 ns/op
BenchmarkGol/Gol/64x64x100-16-8-8      	       1	 254722448 ns/op
BenchmarkGol/Gol/512x512x1-1-8-8       	       1	1560337551 ns/op
BenchmarkGol/Gol/512x512x1-1-8-8       	       1	1504239394 ns/op
BenchmarkGol/Gol/512x512x1-1-8-8       	       1	1263712266 ns/op
BenchmarkGol/Gol/512x512x1-1-8-8       	       1	1394640036 ns/op
BenchmarkGol/Gol/512x512x1-1-8-8       	       1	1420012031 ns/op
BenchmarkGol/Gol/512x512x1-1-8-8       	       1	1288586162 ns/op
BenchmarkGol/Gol/512x512x1-2-8-8       	       1	1493210553 ns/op
BenchmarkGol/Gol/512x512x1-2-8-8       	       1	1406448995 ns/op
BenchmarkGol/Gol/512x512x1-2-8-8       	       1	1432364506 ns/op
BenchmarkGol/Gol/512x512x1-2-8-8       	       1	1284524062 ns/op
BenchmarkGol/Gol/512x512x1-2-8-8       	       1	1282907313 ns/op
BenchmarkGol/Gol/512x512x1-2-8-8       	       1	1413181287 ns/op
BenchmarkGol/Gol/512x512x1-3-8-8       	       1	1254872316 ns/op
BenchmarkGol/Gol/512x512x1-3-8-8       	       1	1364159443 ns/op
BenchmarkGol/Gol/512x512x1-3-8-8       	       1	1374918984 ns/op
BenchmarkGol/Gol/512x512x1-3-8-8       	       1	1263852576 ns/op
BenchmarkGol/Gol/512x512x1-3-8-8       	       1	1314776282 ns/op
BenchmarkGol/Gol/512x512x1-3-8-8       	       1	1358312183 ns/op
BenchmarkGol/Gol/512x512x1-4-8-8       	       1	1340144437 ns/op
BenchmarkGol/Gol/512x512x1-4-8-8       	       1	1255439486 ns/op
BenchmarkGol/Gol/512x512x1-4-8-8       	       1	1276476248 ns/op
BenchmarkGol/Gol/512x512x1-4-8-8       	       1	1333717143 ns/op
BenchmarkGol/Gol/512x512x1-4-8-8       	       1	1377861162 ns/op
BenchmarkGol/Gol/512x512x1-4-8-8       	       1	1366666138 ns/op
BenchmarkGol/Gol/512x512x1-5-8-8       	       1	1358911319 ns/op
BenchmarkGol/Gol/512x512x1-5-8-8       	       1	1364009575 ns/op
BenchmarkGol/Gol/512x512x1-5-8-8       	       1	1338921153 ns/op
BenchmarkGol/Gol/512x512x1-5-8-8       	       1	1414738844 ns/op
BenchmarkGol/Gol/512x512x1-5-8-8       	       1	1366575289 ns/op
BenchmarkGol/Gol/512x512x1-5-8-8       	       1	1290628680 ns/op
BenchmarkGol/Gol/512x512x1-6-8-8       	       1	1307356506 ns/op
BenchmarkGol/Gol/512x512x1-6-8-8       	       1	1310520130 ns/op
BenchmarkGol/Gol/512x512x1-6-8-8       	       1	1308637705 ns/op
BenchmarkGol/Gol/512x512x1-6-8-8       	       1	1382393591 ns/op
BenchmarkGol/Gol/512x512x1-6-8-8       	       1	1424612091 ns/op
BenchmarkGol/Gol/512x512x1-6-8-8       	       1	1330836892 ns/op
BenchmarkGol/Gol/512x512x1-7-8-8       	       1	1408044198 ns/op
BenchmarkGol/Gol/512x512x1-7-8-8       	       1	1257927483 ns/op
BenchmarkGol/Gol/512x512x1-7-8-8       	       1	1360015936 ns/op
BenchmarkGol/Gol/512x512x1-7-8-8       	       1	1385008690 ns/op
BenchmarkGol/Gol/512x512x1-7-8-8       	       1	1334260613 ns/op
BenchmarkGol/Gol/512x512x1-7-8-8       	       1	1323281149 ns/op
BenchmarkGol/Gol/512x512x1-8-8-8       	       1	1197164014 ns/op
BenchmarkGol/Gol/512x512x1-8-8-8       	       1	1373534337 ns/op
BenchmarkGol/Gol/512x512x1-8-8-8       	       1	1300924340 ns/op
BenchmarkGol/Gol/512x512x1-8-8-8       	       1	1327613148 ns/op
BenchmarkGol/Gol/512x512x1-8-8-8       	       1	1270313786 ns/op
BenchmarkGol/Gol/512x512x1-8-8-8       	       1	1386796983 ns/op
BenchmarkGol/Gol/512x512x1-9-8-8       	       1	1321900771 ns/op
BenchmarkGol/Gol/512x512x1-9-8-8       	       1	1306909198 ns/op
BenchmarkGol/Gol/512x512x1-9-8-8       	       1	1343324437 ns/op
BenchmarkGol/Gol/512x512x1-9-8-8       	       1	1436863359 ns/op
BenchmarkGol/Gol/512x512x1-9-8-8       	       1	1410951676 ns/op
BenchmarkGol/Gol/512x512x1-9-8-8       	       1	1289924125 ns/op
BenchmarkGol/Gol/512x512x1-10-8-8      	       1	1327301937 ns/op
BenchmarkGol/Gol/512x512x1-10-8-8      	       1	1484753585 ns/op
BenchmarkGol/Gol/512x512x1-10-8-8      	       1	1384988996 ns/op
BenchmarkGol/Gol/512x512x1-10-8-8      	       1	1385569329 ns/op
BenchmarkGol/Gol/512x512x1-10-8-8      	       1	1346945008 ns/op
BenchmarkGol/Gol/512x512x1-10-8-8      	       1	1364174479 ns/op
BenchmarkGol/Gol/512x512x1-11-8-8      	       1	1362982886 ns/op
BenchmarkGol/Gol/512x512x1-11-8-8      	       1	1280042392 ns/op
BenchmarkGol/Gol/512x512x1-11-8-8      	       1	1267818599 ns/op
BenchmarkGol/Gol/512x512x1-11-8-8      	       1	1378285130 ns/op
BenchmarkGol/Gol/512x512x1-11-8-8      	       1	1302340689 ns/op
BenchmarkGol/Gol/512x512x1-11-8-8      	       1	1326949090 ns/op
BenchmarkGol/Gol/512x512x1-12-8-8      	       1	1263464658 ns/op
BenchmarkGol/Gol/512x512x1-12-8-8      	       1	1346421277 ns/op
BenchmarkGol/Gol/512x512x1-12-8-8      	       1	1352437797 ns/op
BenchmarkGol/Gol/512x512x1-12-8-8      	       1	1292764159 ns/op
BenchmarkGol/Gol/512x512x1-12-8-8      	       1	1308037481 ns/op
BenchmarkGol/Gol/512x512x1-12-8-8      	       1	1387625482 ns/op
BenchmarkGol/Gol/512x512x1-13-8-8      	       1	1356167452 ns/op
BenchmarkGol/Gol/512x512x1-13-8-8      	       1	1340544796 ns/op
BenchmarkGol/Gol/512x512x1-13-8-8      	       1	1326378554 ns/op
BenchmarkGol/Gol/512x512x1-13-8-8      	       1	1442276078 ns/op
BenchmarkGol/Gol/512x512x1-13-8-8      	       1	1572747278 ns/op
BenchmarkGol/Gol/512x512x1-13-8-8      	       1	1398110359 ns/op
BenchmarkGol/Gol/512x512x1-14-8-8      	       1	1461880930 ns/op
BenchmarkGol/Gol/512x512x1-14-8-8      	       1	1355397258 ns/op
BenchmarkGol/Gol/512x512x1-14-8-8      	       1	1397571703 ns/op
BenchmarkGol/Gol/512x512x1-14-8-8      	       1	1352670669 ns/op
BenchmarkGol/Gol/512x512x1-14-8-8      	       1	1462553907 ns/op
BenchmarkGol/Gol/512x512x1-14-8-8      	       1	1428987117 ns/op
BenchmarkGol/Gol/512x512x1-15-8-8      	       1	1318924263 ns/op
BenchmarkGol/Gol/512x512x1-15-8-8      	       1	1335967671 ns/op
BenchmarkGol/Gol/512x512x1-15-8-8      	       1	1378128990 ns/op
BenchmarkGol/Gol/512x512x1-15-8-8      	       1	1363079457 ns/op
BenchmarkGol/Gol/512x512x1-15-8-8      	       1	1257393943 ns/op
BenchmarkGol/Gol/512x512x1-15-8-8      	       1	1216195891 ns/op
BenchmarkGol/Gol/512x512x1-16-8-8      	       1	1331358263 ns/op
BenchmarkGol/Gol/512x512x1-16-8-8      	       1	1291794455 ns/op
BenchmarkGol/Gol/512x512x1-16-8-8      	       1	1293180923 ns/op
BenchmarkGol/Gol/512x512x1-16-8-8      	       1	1385336326 ns/op
BenchmarkGol/Gol/512x512x1-16-8-8      	       1	1357632076 ns/op
BenchmarkGol/Gol/512x512x1-16-8-8      	       1	1400964743 ns/op
BenchmarkGol/Gol/512x512x50-1-8-8      	       1	1782989612 ns/op
BenchmarkGol/Gol/512x512x50-1-8-8      	       1	2251133753 ns/op
BenchmarkGol/Gol/512x512x50-1-8-8      	       1	1712758165 ns/op
BenchmarkGol/Gol/512x512x50-1-8-8      	       1	1746309922 ns/op
BenchmarkGol/Gol/512x512x50-1-8-8      	       1	1771285582 ns/op
BenchmarkGol/Gol/512x512x50-1-8-8      	       1	1808786976 ns/op
BenchmarkGol/Gol/512x512x50-2-8-8      	       1	1765405680 ns/op
BenchmarkGol/Gol/512x512x50-2-8-8      	       1	1768449262 ns/op
BenchmarkGol/Gol/512x512x50-2-8-8      	       1	1779739736 ns/op
BenchmarkGol/Gol/512x512x50-2-8-8      	       1	1734878031 ns/op
BenchmarkGol/Gol/512x512x50-2-8-8      	       1	1832053753 ns/op
BenchmarkGol/Gol/512x512x50-2-8-8      	       1	1744686114 ns/op
BenchmarkGol/Gol/512x512x50-3-8-8      	       1	1736771680 ns/op
BenchmarkGol/Gol/512x512x50-3-8-8      	       1	1630225656 ns/op
BenchmarkGol/Gol/512x512x50-3-8-8      	       1	1624821249 ns/op
BenchmarkGol/Gol/512x512x50-3-8-8      	       1	1776680654 ns/op
BenchmarkGol/Gol/512x512x50-3-8-8      	       1	1756378300 ns/op
BenchmarkGol/Gol/512x512x50-3-8-8      	       1	1670429099 ns/op
BenchmarkGol/Gol/512x512x50-4-8-8      	       1	1740652288 ns/op
BenchmarkGol/Gol/512x512x50-4-8-8      	       1	1805147664 ns/op
BenchmarkGol/Gol/512x512x50-4-8-8      	       1	1790764396 ns/op
BenchmarkGol/Gol/512x512x50-4-8-8      	       1	1736990694 ns/op
BenchmarkGol/Gol/512x512x50-4-8-8      	       1	2144399557 ns/op
BenchmarkGol/Gol/512x512x50-4-8-8      	       1	1849759083 ns/op
BenchmarkGol/Gol/512x512x50-5-8-8      	       1	1776806921 ns/op
BenchmarkGol/Gol/512x512x50-5-8-8      	       1	1743439339 ns/op
BenchmarkGol/Gol/512x512x50-5-8-8      	       1	2050836965 ns/op
BenchmarkGol/Gol/512x512x50-5-8-8      	       1	1781706181 ns/op
BenchmarkGol/Gol/512x512x50-5-8-8      	       1	1672418555 ns/op
BenchmarkGol/Gol/512x512x50-5-8-8      	       1	1758094085 ns/op
BenchmarkGol/Gol/512x512x50-6-8-8      	       1	1682231852 ns/op
BenchmarkGol/Gol/512x512x50-6-8-8      	       1	1624662228 ns/op
BenchmarkGol/Gol/512x512x50-6-8-8      	       1	1641111655 ns/op
BenchmarkGol/Gol/512x512x50-6-8-8      	       1	1760613375 ns/op
BenchmarkGol/Gol/512x512x50-6-8-8      	       1	1735005286 ns/op
BenchmarkGol/Gol/512x512x50-6-8-8      	       1	1707664022 ns/op
BenchmarkGol/Gol/512x512x50-7-8-8      	       1	1827650880 ns/op
BenchmarkGol/Gol/512x512x50-7-8-8      	       1	1678249373 ns/op
BenchmarkGol/Gol/512x512x50-7-8-8      	       1	2328077337 ns/op
BenchmarkGol/Gol/512x512x50-7-8-8      	       1	1854876201 ns/op
BenchmarkGol/Gol/512x512x50-7-8-8      	       1	1996891178 ns/op
BenchmarkGol/Gol/512x512x50-7-8-8      	       1	1708459334 ns/op
BenchmarkGol/Gol/512x512x50-8-8-8      	       1	1687219858 ns/op
BenchmarkGol/Gol/512x512x50-8-8-8      	       1	1771601867 ns/op
BenchmarkGol/Gol/512x512x50-8-8-8      	       1	1824424274 ns/op
BenchmarkGol/Gol/512x512x50-8-8-8      	       1	1789138856 ns/op
BenchmarkGol/Gol/512x512x50-8-8-8      	       1	1683739582 ns/op
BenchmarkGol/Gol/512x512x50-8-8-8      	       1	1802504357 ns/op
BenchmarkGol/Gol/512x512x50-9-8-8      	       1	1634065761 ns/op
BenchmarkGol/Gol/512x512x50-9-8-8      	       1	1716674910 ns/op
BenchmarkGol/Gol/512x512x50-9-8-8      	       1	1784756667 ns/op
BenchmarkGol/Gol/512x512x50-9-8-8      	       1	1673741512 ns/op
BenchmarkGol/Gol/512x512x50-9-8-8      	       1	1759845348 ns/op
BenchmarkGol/Gol/512x512x50-9-8-8      	       1	1754229169 ns/op
BenchmarkGol/Gol/512x512x50-10-8-8     	       1	1788908857 ns/op
BenchmarkGol/Gol/512x512x50-10-8-8     	       1	1817113877 ns/op
BenchmarkGol/Gol/512x512x50-10-8-8     	       1	1954550474 ns/op
BenchmarkGol/Gol/512x512x50-10-8-8     	       1	2335404681 ns/op
BenchmarkGol/Gol/512x512x50-10-8-8     	       1	2115019021 ns/op
BenchmarkGol/Gol/512x512x50-10-8-8     	       1	1773038389 ns/op
BenchmarkGol/Gol/512x512x50-11-8-8     	       1	1687634823 ns/op
BenchmarkGol/Gol/512x512x50-11-8-8     	       1	1709973648 ns/op
BenchmarkGol/Gol/512x512x50-11-8-8     	       1	1736685681 ns/op
BenchmarkGol/Gol/512x512x50-11-8-8     	       1	1859140925 ns/op
BenchmarkGol/Gol/512x512x50-11-8-8     	       1	1872263597 ns/op
BenchmarkGol/Gol/512x512x50-11-8-8     	       1	1858877027 ns/op
BenchmarkGol/Gol/512x512x50-12-8-8     	       1	1725235930 ns/op
BenchmarkGol/Gol/512x512x50-12-8-8     	       1	1769447422 ns/op
BenchmarkGol/Gol/512x512x50-12-8-8     	       1	1634960405 ns/op
BenchmarkGol/Gol/512x512x50-12-8-8     	       1	1659191741 ns/op
BenchmarkGol/Gol/512x512x50-12-8-8     	       1	1779676187 ns/op
BenchmarkGol/Gol/512x512x50-12-8-8     	       1	1746297700 ns/op
BenchmarkGol/Gol/512x512x50-13-8-8     	       1	1782148701 ns/op
BenchmarkGol/Gol/512x512x50-13-8-8     	       1	1705911405 ns/op
BenchmarkGol/Gol/512x512x50-13-8-8     	       1	1842250179 ns/op
BenchmarkGol/Gol/512x512x50-13-8-8     	       1	1851893445 ns/op
BenchmarkGol/Gol/512x512x50-13-8-8     	       1	1811735520 ns/op
BenchmarkGol/Gol/512x512x50-13-8-8     	       1	1759746657 ns/op
BenchmarkGol/Gol/512x512x50-14-8-8     	       1	1777236558 ns/op
BenchmarkGol/Gol/512x512x50-14-8-8     	       1	1696988709 ns/op
BenchmarkGol/Gol/512x512x50-14-8-8     	       1	1670632545 ns/op
BenchmarkGol/Gol/512x512x50-14-8-8     	       1	1615951663 ns/op
BenchmarkGol/Gol/512x512x50-14-8-8     	       1	1736159149 ns/op
BenchmarkGol/Gol/512x512x50-14-8-8     	       1	1769778726 ns/op
BenchmarkGol/Gol/512x512x50-15-8-8     	       1	1785030669 ns/op
BenchmarkGol/Gol/512x512x50-15-8-8     	       1	1743697258 ns/op
BenchmarkGol/Gol/512x512x50-15-8-8     	       1	1852754455 ns/op
BenchmarkGol/Gol/512x512x50-15-8-8     	       1	1851866712 ns/op
BenchmarkGol/Gol/512x512x50-15-8-8     	       1	1844955805 ns/op
BenchmarkGol/Gol/512x512x50-15-8-8     	       1	1983748758 ns/op
BenchmarkGol/Gol/512x512x50-16-8-8     	       1	2623780378 ns/op
BenchmarkGol/Gol/512x512x50-16-8-8     	       1	1759644518 ns/op
BenchmarkGol/Gol/512x512x50-16-8-8     	       1	1778877524 ns/op
BenchmarkGol/Gol/512x512x50-16-8-8     	       1	1859438626 ns/op
BenchmarkGol/Gol/512x512x50-16-8-8     	       1	1843947437 ns/op
BenchmarkGol/Gol/512x512x50-16-8-8     	       1	1731203863 ns/op
BenchmarkGol/Gol/512x512x100-1-8-8     	       1	2219454719 ns/op
BenchmarkGol/Gol/512x512x100-1-8-8     	       1	2111350883 ns/op
BenchmarkGol/Gol/512x512x100-1-8-8     	       1	2157466229 ns/op
BenchmarkGol/Gol/512x512x100-1-8-8     	       1	2248445204 ns/op
BenchmarkGol/Gol/512x512x100-1-8-8     	       1	2148621060 ns/op
BenchmarkGol/Gol/512x512x100-1-8-8     	       1	2453412354 ns/op
BenchmarkGol/Gol/512x512x100-2-8-8     	       1	2363107079 ns/op
BenchmarkGol/Gol/512x512x100-2-8-8     	       1	2290194253 ns/op
BenchmarkGol/Gol/512x512x100-2-8-8     	       1	2306800909 ns/op
BenchmarkGol/Gol/512x512x100-2-8-8     	       1	2210330390 ns/op
BenchmarkGol/Gol/512x512x100-2-8-8     	       1	2239982696 ns/op
BenchmarkGol/Gol/512x512x100-2-8-8     	       1	2362269667 ns/op
BenchmarkGol/Gol/512x512x100-3-8-8     	       1	2442512528 ns/op
BenchmarkGol/Gol/512x512x100-3-8-8     	       1	2307015370 ns/op
BenchmarkGol/Gol/512x512x100-3-8-8     	       1	2187367194 ns/op
BenchmarkGol/Gol/512x512x100-3-8-8     	       1	2475681103 ns/op
BenchmarkGol/Gol/512x512x100-3-8-8     	       1	2185722832 ns/op
BenchmarkGol/Gol/512x512x100-3-8-8     	       1	2123711882 ns/op
BenchmarkGol/Gol/512x512x100-4-8-8     	       1	2119416385 ns/op
BenchmarkGol/Gol/512x512x100-4-8-8     	       1	2208805413 ns/op
BenchmarkGol/Gol/512x512x100-4-8-8     	       1	2325012157 ns/op
BenchmarkGol/Gol/512x512x100-4-8-8     	       1	2339688521 ns/op
BenchmarkGol/Gol/512x512x100-4-8-8     	       1	2373051263 ns/op
BenchmarkGol/Gol/512x512x100-4-8-8     	       1	2214234522 ns/op
BenchmarkGol/Gol/512x512x100-5-8-8     	       1	2234982533 ns/op
BenchmarkGol/Gol/512x512x100-5-8-8     	       1	2484518966 ns/op
BenchmarkGol/Gol/512x512x100-5-8-8     	       1	2240250728 ns/op
BenchmarkGol/Gol/512x512x100-5-8-8     	       1	2232804228 ns/op
BenchmarkGol/Gol/512x512x100-5-8-8     	       1	2195464243 ns/op
BenchmarkGol/Gol/512x512x100-5-8-8     	       1	2245667955 ns/op
BenchmarkGol/Gol/512x512x100-6-8-8     	       1	2031222670 ns/op
BenchmarkGol/Gol/512x512x100-6-8-8     	       1	2269198584 ns/op
BenchmarkGol/Gol/512x512x100-6-8-8     	       1	2518764065 ns/op
BenchmarkGol/Gol/512x512x100-6-8-8     	       1	2247947951 ns/op
BenchmarkGol/Gol/512x512x100-6-8-8     	       1	2046921020 ns/op
BenchmarkGol/Gol/512x512x100-6-8-8     	       1	2079823001 ns/op
BenchmarkGol/Gol/512x512x100-7-8-8     	       1	2281980784 ns/op
BenchmarkGol/Gol/512x512x100-7-8-8     	       1	2087561349 ns/op
BenchmarkGol/Gol/512x512x100-7-8-8     	       1	2219773909 ns/op
BenchmarkGol/Gol/512x512x100-7-8-8     	       1	2165850992 ns/op
BenchmarkGol/Gol/512x512x100-7-8-8     	       1	2240746521 ns/op
BenchmarkGol/Gol/512x512x100-7-8-8     	       1	2193869926 ns/op
BenchmarkGol/Gol/512x512x100-8-8-8     	       1	2158176206 ns/op
BenchmarkGol/Gol/512x512x100-8-8-8     	       1	2031539621 ns/op
BenchmarkGol/Gol/512x512x100-8-8-8     	       1	2121479275 ns/op
BenchmarkGol/Gol/512x512x100-8-8-8     	       1	2313532470 ns/op
BenchmarkGol/Gol/512x512x100-8-8-8     	       1	2190321262 ns/op
BenchmarkGol/Gol/512x512x100-8-8-8     	       1	2510492813 ns/op
BenchmarkGol/Gol/512x512x100-9-8-8     	       1	2253457740 ns/op
BenchmarkGol/Gol/512x512x100-9-8-8     	       1	2157996916 ns/op
BenchmarkGol/Gol/512x512x100-9-8-8     	       1	2070344386 ns/op
BenchmarkGol/Gol/512x512x100-9-8-8     	       1	2092810031 ns/op
BenchmarkGol/Gol/512x512x100-9-8-8     	       1	2298487694 ns/op
BenchmarkGol/Gol/512x512x100-9-8-8     	       1	2398285144 ns/op
BenchmarkGol/Gol/512x512x100-10-8-8    	       1	2159270869 ns/op
BenchmarkGol/Gol/512x512x100-10-8-8    	       1	2079337264 ns/op
BenchmarkGol/Gol/512x512x100-10-8-8    	       1	2168288882 ns/op
BenchmarkGol/Gol/512x512x100-10-8-8    	       1	2560438331 ns/op
BenchmarkGol/Gol/512x512x100-10-8-8    	       1	2252715951 ns/op
BenchmarkGol/Gol/512x512x100-10-8-8    	       1	2208388854 ns/op
BenchmarkGol/Gol/512x512x100-11-8-8    	       1	2173748934 ns/op
BenchmarkGol/Gol/512x512x100-11-8-8    	       1	2062974187 ns/op
BenchmarkGol/Gol/512x512x100-11-8-8    	       1	2152582246 ns/op
BenchmarkGol/Gol/512x512x100-11-8-8    	       1	2090114001 ns/op
BenchmarkGol/Gol/512x512x100-11-8-8    	       1	2230715034 ns/op
BenchmarkGol/Gol/512x512x100-11-8-8    	       1	2146799689 ns/op
BenchmarkGol/Gol/512x512x100-12-8-8    	       1	2045208031 ns/op
BenchmarkGol/Gol/512x512x100-12-8-8    	       1	2178264301 ns/op
BenchmarkGol/Gol/512x512x100-12-8-8    	       1	2150367837 ns/op
BenchmarkGol/Gol/512x512x100-12-8-8    	       1	2198124419 ns/op
BenchmarkGol/Gol/512x512x100-12-8-8    	       1	2250514330 ns/op
BenchmarkGol/Gol/512x512x100-12-8-8    	       1	2183283139 ns/op
BenchmarkGol/Gol/512x512x100-13-8-8    	       1	2074806638 ns/op
BenchmarkGol/Gol/512x512x100-13-8-8    	       1	2545964246 ns/op
BenchmarkGol/Gol/512x512x100-13-8-8    	       1	2277984154 ns/op
BenchmarkGol/Gol/512x512x100-13-8-8    	       1	2095174967 ns/op
BenchmarkGol/Gol/512x512x100-13-8-8    	       1	2248412421 ns/op
BenchmarkGol/Gol/512x512x100-13-8-8    	       1	2185506961 ns/op
BenchmarkGol/Gol/512x512x100-14-8-8    	       1	2203873805 ns/op
BenchmarkGol/Gol/512x512x100-14-8-8    	       1	2114451380 ns/op
BenchmarkGol/Gol/512x512x100-14-8-8    	       1	2146926653 ns/op
BenchmarkGol/Gol/512x512x100-14-8-8    	       1	2069100435 ns/op
BenchmarkGol/Gol/512x512x100-14-8-8    	       1	2148243501 ns/op
BenchmarkGol/Gol/512x512x100-14-8-8    	       1	2136523106 ns/op
BenchmarkGol/Gol/512x512x100-15-8-8    	       1	2113757204 ns/op
BenchmarkGol/Gol/512x512x100-15-8-8    	       1	2094285967 ns/op
BenchmarkGol/Gol/512x512x100-15-8-8    	       1	2199697002 ns/op
BenchmarkGol/Gol/512x512x100-15-8-8    	       1	2045372719 ns/op
BenchmarkGol/Gol/512x512x100-15-8-8    	       1	2156333109 ns/op
BenchmarkGol/Gol/512x512x100-15-8-8    	       1	2199199591 ns/op
BenchmarkGol/Gol/512x512x100-16-8-8    	       1	2176089587 ns/op
BenchmarkGol/Gol/512x512x100-16-8-8    	       1	2135750656 ns/op
BenchmarkGol/Gol/512x512x100-16-8-8    	       1	2158661989 ns/op
BenchmarkGol/Gol/512x512x100-16-8-8    	       1	2152886079 ns/op
BenchmarkGol/Gol/512x512x100-16-8-8    	       1	2088122235 ns/op
BenchmarkGol/Gol/512x512x100-16-8-8    	       1	2163945535 ns/op
PASS
ok  	uk.ac.bris.cs/gameoflife/tests	642.776s
